Microchip MPLAB XC8 Compiler V2.20

Linker command line:

-W-3 --edf=C:\Program Files\Microchip\xc8\v2.20\pic\dat\en_msgs.txt -cn \
  -h+dist/default/production\50_pin_to_34_pin_Floppy_Adapter.X.production.sym \
  --cmf=dist/default/production\50_pin_to_34_pin_Floppy_Adapter.X.production.cmf \
  -z -Q18F26K22 -oC:\Users\ENTWIC~1\AppData\Local\Temp\s3rk.2 \
  --defsym=__MPLAB_BUILD=1 \
  -Mdist/default/production/50_pin_to_34_pin_Floppy_Adapter.X.production.map \
  -E1 -ver=XC8 Compiler --acfsm=1493 -ASTACK=087h-0F37h -pstack=STACK \
  -ACODE=00h-0FFFFh -ACONST=00h-0FFFFh -ASMALLCONST=01000h-010FFhx240 \
  -AMEDIUMCONST=01000h-0FFFFh -ACOMRAM=01h-05Fh -AABS1=00h-0F37h \
  -ABIGRAM=01h-0F37h -ARAM=060h-0FFh,0100h-01FFhx14,0F00h-0F37h \
  -ABANK0=060h-0FFh -ABANK1=0100h-01FFh -ABANK2=0200h-02FFh \
  -ABANK3=0300h-03FFh -ABANK4=0400h-04FFh -ABANK5=0500h-05FFh \
  -ABANK6=0600h-06FFh -ABANK7=0700h-07FFh -ABANK8=0800h-08FFh \
  -ABANK9=0900h-09FFh -ABANK10=0A00h-0AFFh -ABANK11=0B00h-0BFFh \
  -ABANK12=0C00h-0CFFh -ABANK13=0D00h-0DFFh -ABANK14=0E00h-0EFFh \
  -ABANK15=0F00h-0F37h -ASFR=0F38h-0F5Fh,0F60h-0FFFh \
  -ACONFIG=0300000h-030000Dh -AIDLOC=0200000h-0200007h \
  -preset_vec=00h,intcode=08h,intcodelo=018h,powerup,init -pramtop=01000h \
  -psmallconst=SMALLCONST -pmediumconst=MEDIUMCONST -pconst=CONST \
  -AFARRAM=00h-00h -AEEDATA=0F00000h-0F003FFh -peeprom_data=EEDATA \
  -prdata=COMRAM,nvrram=COMRAM,nvbit=COMRAM,rbss=COMRAM,rbit=COMRAM \
  -pfarbss=FARRAM,fardata=FARRAM,nvFARRAM=FARRAM \
  -pintsave_regs=BIGRAM,bigbss=BIGRAM,bigdata=BIGRAM -pbss=RAM \
  -pidata=CODE,irdata=CODE,ibigdata=CODE,ifardata=CODE -prparam=COMRAM \
  C:\Users\ENTWIC~1\AppData\Local\Temp\s3rk.o \
  dist/default/production\50_pin_to_34_pin_Floppy_Adapter.X.production.o 

Object code version is 3.11

Machine type is 18F26K22



                Name                               Link     Load   Length Selector   Space Scale
C:\Users\ENTWIC~1\AppData\Local\Temp\s3rk.o
                idloc                            200000   200000        8        0       5
                config                           300000   300000        E        0       4
                init                                278      278        4        C       0
                reset_vec                             0        0        4        0       0
dist/default/production\50_pin_to_34_pin_Floppy_Adapter.X.production.o
                eeprom_data                      F00000   F00000        8   F00000       0
                intcodelo                            18       18      260        C       0
                intcode                               8        8        6        4       0
                idloc                            200000   200000        8        0       5
                config                           300000   300000        E        0       4
                temp                                 3A       3A        1        1       1
                intcode_body                        DA6      DA6      112        C       0
                text7                              1030     1030       A4        C       0
                text6                              10D4     10D4       6A        C       0
                text4                              119A     119A       12        C       0
                text3                              113E     113E       32        C       0
                text2                               EB8      EB8       C6        C       0
                text1                               F7E      F7E       B2        C       0
                text0                               27C      27C      B2A        C       0
                cstackCOMRAM                          1        1       2E        1       1
                cstackBANK0                          72       72        E       60       1
                bssBANK0                             60       60       12       60       1
                bssCOMRAM                            31       31        9        1       1
                bitbssCOMRAM                        178       2F        E        1       1     8
                cinit                              1170     1170       2A        C       0
                nvBANK0                              80       80        7       60       1

TOTAL           Name                               Link     Load   Length     Space
        CLASS   STACK          

        CLASS   CODE           
                intcodelo                            18       18      260         0
                intcode                               8        8        6         0
                init                                278      278        4         0
                reset_vec                             0        0        4         0
                intcode_body                        DA6      DA6      112         0
                text7                              1030     1030       A4         0
                text6                              10D4     10D4       6A         0
                text4                              119A     119A       12         0
                text3                              113E     113E       32         0
                text2                               EB8      EB8       C6         0
                text1                               F7E      F7E       B2         0
                text0                               27C      27C      B2A         0
                cinit                              1170     1170       2A         0

        CLASS   CONST          

        CLASS   SMALLCONST     

        CLASS   MEDIUMCONST    

        CLASS   COMRAM         
                temp                                 3A       3A        1         1
                cstackCOMRAM                          1        1       2E         1
                bssCOMRAM                            31       31        9         1
                bitbssCOMRAM                        178       2F        E         1

        CLASS   ABS1           

        CLASS   BIGRAM         

        CLASS   RAM            

        CLASS   BANK0          
                cstackBANK0                          72       72        E         1
                bssBANK0                             60       60       12         1
                nvBANK0                              80       80        7         1

        CLASS   BANK1          

        CLASS   BANK2          

        CLASS   BANK3          

        CLASS   BANK4          

        CLASS   BANK5          

        CLASS   BANK6          

        CLASS   BANK7          

        CLASS   BANK8          

        CLASS   BANK9          

        CLASS   BANK10         

        CLASS   BANK11         

        CLASS   BANK12         

        CLASS   BANK13         

        CLASS   BANK14         

        CLASS   BANK15         

        CLASS   SFR            

        CLASS   CONFIG         
                config                           300000   300000        E         4

        CLASS   IDLOC          
                idloc                            200000   200000        8         5

        CLASS   FARRAM         

        CLASS   EEDATA         
                eeprom_data                      F00000   F00000        8         0



SEGMENTS        Name                           Load    Length   Top    Selector   Space  Class

                reset_vec                      000000  000004  000004         0       0  CODE    
                cstackCOMRAM                   000001  00003A  00003B         1       1  COMRAM  
                intcode                        000008  000006  00000E         4       0  CODE    
                intcodelo                      000018  001194  0011AC         C       0  CODE    
                bssBANK0                       000060  000027  000087        60       1  BANK0   
                eeprom_data                    F00000  000008  F00008    F00000       0  EEDATA  


UNUSED ADDRESS RANGES

        Name                Unused          Largest block    Delta
        BANK0            000087-0000FF               79
        BANK1            000100-0001FF              100
        BANK10           000A00-000AFF              100
        BANK11           000B00-000BFF              100
        BANK12           000C00-000CFF              100
        BANK13           000D00-000DFF              100
        BANK14           000E00-000EFF              100
        BANK15           000F00-000F37               38
        BANK2            000200-0002FF              100
        BANK3            000300-0003FF              100
        BANK4            000400-0004FF              100
        BANK5            000500-0005FF              100
        BANK6            000600-0006FF              100
        BANK7            000700-0007FF              100
        BANK8            000800-0008FF              100
        BANK9            000900-0009FF              100
        BIGRAM           00003B-00005F               25
                         000087-000F37              EB1
        CODE             000004-000007                4
                         00000E-000017                A
                         0011AC-00FFFF             EE54
        COMRAM           00003B-00005F               25
        CONST            000004-000007                4
                         00000E-000017                A
                         0011AC-00FFFF             EE54
        EEDATA           F00008-F003FF              3F8
        MEDIUMCONST      0011AC-00FFFF             EE54
        RAM              000087-000F37              100
        SFR              000F38-000FFF               28
        SMALLCONST       0011AC-00FFFF              100
        STACK            000087-000F37              EB1

                                  Symbol Table

?___awdiv                    cstackBANK0  000072
?___awmod                    cstackBANK0  000072
?___lldiv                    cstackCOMRAM 00000E
?___lmul                     cstackCOMRAM 000002
EepromRead@address           cstackBANK0  000072
EepromWrite@address          cstackBANK0  000072
EepromWrite@data             cstackBANK0  000076
_ANSELA                      (abs)        000F38
_ANSELB                      (abs)        000F39
_ANSELC                      (abs)        000F3A
_CCP2CON                     (abs)        000F66
_CCP3CON                     (abs)        000F5D
_CCP4CON                     (abs)        000F57
_CCP5CON                     (abs)        000F54
_CCPTMRS0                    (abs)        000F49
_CCPTMRS1                    (abs)        000F48
_EEADR                       (abs)        000FA9
_EEADRH                      (abs)        000FAA
_EECON1bits                  (abs)        000FA6
_EECON2                      (abs)        000FA7
_EEDATA                      (abs)        000FA8
_EepromRead                  text4        00119A
_EepromWrite                 text3        00113E
_INTCON2bits                 (abs)        000FF1
_INTCONbits                  (abs)        000FF2
_IPR1bits                    (abs)        000F9F
_IPR2bits                    (abs)        000FA2
_IPR4bits                    (abs)        000F7C
_IPR5bits                    (abs)        000F7F
_OSCCON                      (abs)        000FD3
_OSCTUNE                     (abs)        000F9B
_PIE1bits                    (abs)        000F9D
_PIE2bits                    (abs)        000FA0
_PIE4bits                    (abs)        000F7A
_PIE5bits                    (abs)        000F7D
_PIR1bits                    (abs)        000F9E
_PIR2bits                    (abs)        000FA1
_PIR4bits                    (abs)        000F7B
_PIR5bits                    (abs)        000F7E
_PORTA                       (abs)        000F80
_PORTAbits                   (abs)        000F80
_PORTBbits                   (abs)        000F81
_PORTC                       (abs)        000F82
_PR2                         (abs)        000FBB
_PR4                         (abs)        000F52
_RCONbits                    (abs)        000FD0
_T0CON                       (abs)        000FD5
_T1CON                       (abs)        000FCD
_T2CON                       (abs)        000FBA
_T4CON                       (abs)        000F51
_TMR2                        (abs)        000FBC
_TRISA                       (abs)        000F92
_TRISB                       (abs)        000F93
_TRISC                       (abs)        000F94
__HRAM                       (abs)        000000
__Habs1                      abs1         000000
__Hbank0                     bank0        000000
__Hbank1                     bank1        000000
__Hbank10                    bank10       000000
__Hbank11                    bank11       000000
__Hbank12                    bank12       000000
__Hbank13                    bank13       000000
__Hbank14                    bank14       000000
__Hbank15                    bank15       000000
__Hbank2                     bank2        000000
__Hbank3                     bank3        000000
__Hbank4                     bank4        000000
__Hbank5                     bank5        000000
__Hbank6                     bank6        000000
__Hbank7                     bank7        000000
__Hbank8                     bank8        000000
__Hbank9                     bank9        000000
__Hbigbss                    bigbss       000000
__Hbigdata                   bigdata      000000
__Hbigram                    bigram       000000
__HbitbssCOMRAM              bitbssCOMRAM 000000
__Hbss                       bss          000000
__HbssBANK0                  bssBANK0     000000
__HbssCOMRAM                 bssCOMRAM    000000
__Hcinit                     cinit        000000
__Hclrtext                   clrtext      000000
__Hcomram                    comram       000000
__Hconfig                    config       30000E
__Hconst                     const        000000
__HcstackBANK0               cstackBANK0  000000
__HcstackCOMRAM              cstackCOMRAM 000000
__Hdata                      data         000000
__Heeprom_data               eeprom_data  F00008
__Hfarbss                    farbss       000000
__Hfardata                   fardata      000000
__Hibigdata                  ibigdata     000000
__Hidata                     idata        000000
__Hidloc                     idloc        200008
__Hifardata                  ifardata     000000
__Hinit                      init         00027C
__Hintcode                   intcode      00000E
__Hintcode_body              intcode_body 000000
__Hintcodelo                 intcodelo    000278
__Hintentry                  intentry     000000
__Hintret                    intret       000000
__Hintsave_regs              intsave_regs 000000
__Hirdata                    irdata       000000
__Hmediumconst               mediumconst  000000
__HnvBANK0                   nvBANK0      000000
__HnvFARRAM                  nvFARRAM     000000
__Hnvbit                     nvbit        000000
__Hnvrram                    nvrram       000000
__Hparam                     rparam       000000
__Hpowerup                   powerup      000278
__Hram                       ram          000000
__Hramtop                    ramtop       001000
__Hrbit                      rbit         000000
__Hrbss                      rbss         000000
__Hrdata                     rdata        000000
__Hreset_vec                 reset_vec    000004
__Hrparam                    rparam       000000
__Hsfr                       sfr          000000
__Hsmallconst                smallconst   000000
__Hspace_0                   (abs)        F00008
__Hspace_1                   (abs)        000186
__Hspace_2                   (abs)        000000
__Hspace_4                   (abs)        60000E
__Hstack                     stack        000000
__Hstruct                    struct       000000
__Htemp                      temp         00003B
__Htext                      text         000000
__Htext0                     text0        000000
__Htext1                     text1        000000
__Htext2                     text2        000000
__Htext3                     text3        000000
__Htext4                     text4        000000
__Htext6                     text6        000000
__Htext7                     text7        000000
__LRAM                       (abs)        000001
__Labs1                      abs1         000000
__Lbank0                     bank0        000000
__Lbank1                     bank1        000000
__Lbank10                    bank10       000000
__Lbank11                    bank11       000000
__Lbank12                    bank12       000000
__Lbank13                    bank13       000000
__Lbank14                    bank14       000000
__Lbank15                    bank15       000000
__Lbank2                     bank2        000000
__Lbank3                     bank3        000000
__Lbank4                     bank4        000000
__Lbank5                     bank5        000000
__Lbank6                     bank6        000000
__Lbank7                     bank7        000000
__Lbank8                     bank8        000000
__Lbank9                     bank9        000000
__Lbigbss                    bigbss       000000
__Lbigdata                   bigdata      000000
__Lbigram                    bigram       000000
__LbitbssCOMRAM              bitbssCOMRAM 000000
__Lbss                       bss          000000
__LbssBANK0                  bssBANK0     000000
__LbssCOMRAM                 bssCOMRAM    000000
__Lcinit                     cinit        000000
__Lclrtext                   clrtext      000000
__Lcomram                    comram       000000
__Lconfig                    config       000000
__Lconst                     const        000000
__LcstackBANK0               cstackBANK0  000000
__LcstackCOMRAM              cstackCOMRAM 000000
__Ldata                      data         000000
__Leeprom_data               eeprom_data  F00000
__Lfarbss                    farbss       000000
__Lfardata                   fardata      000000
__Libigdata                  ibigdata     000000
__Lidata                     idata        000000
__Lidloc                     idloc        000000
__Lifardata                  ifardata     000000
__Linit                      init         000278
__Lintcode                   intcode      000008
__Lintcode_body              intcode_body 000000
__Lintcodelo                 intcodelo    000018
__Lintentry                  intentry     000000
__Lintret                    intret       000000
__Lintsave_regs              intsave_regs 000000
__Lirdata                    irdata       000000
__Lmediumconst               mediumconst  000000
__LnvBANK0                   nvBANK0      000000
__LnvFARRAM                  nvFARRAM     000000
__Lnvbit                     nvbit        000000
__Lnvrram                    nvrram       000000
__Lparam                     rparam       000000
__Lpowerup                   powerup      000278
__Lram                       ram          000000
__Lramtop                    ramtop       001000
__Lrbit                      rbit         000000
__Lrbss                      rbss         000000
__Lrdata                     rdata        000000
__Lreset_vec                 reset_vec    000000
__Lrparam                    rparam       000000
__Lsfr                       sfr          000000
__Lsmallconst                smallconst   000000
__Lspace_0                   (abs)        000000
__Lspace_1                   (abs)        000000
__Lspace_2                   (abs)        000000
__Lspace_4                   (abs)        000000
__Lstack                     stack        000000
__Lstruct                    struct       000000
__Ltemp                      temp         00003A
__Ltext                      text         000000
__Ltext0                     text0        000000
__Ltext1                     text1        000000
__Ltext2                     text2        000000
__Ltext3                     text3        000000
__Ltext4                     text4        000000
__Ltext6                     text6        000000
__Ltext7                     text7        000000
__S0                         (abs)        F00008
__S1                         (abs)        000087
__S2                         (abs)        000000
__S4                         (abs)        000000
__S5                         (abs)        000000
___awdiv                     text2        000EB8
___awdiv@counter             cstackBANK0  000076
___awdiv@dividend            cstackBANK0  000072
___awdiv@divisor             cstackBANK0  000074
___awdiv@quotient            cstackBANK0  000078
___awdiv@sign                cstackBANK0  000077
___awmod                     text1        000F7E
___awmod@counter             cstackBANK0  000076
___awmod@dividend            cstackBANK0  000072
___awmod@divisor             cstackBANK0  000074
___awmod@sign                cstackBANK0  000077
___inthi_sp                  stack        000000
___intlo_sp                  stack        000000
___lldiv                     text7        001030
___lldiv@counter             cstackCOMRAM 00001A
___lldiv@dividend            cstackCOMRAM 00000E
___lldiv@divisor             cstackCOMRAM 000012
___lldiv@quotient            cstackCOMRAM 000016
___lmul                      text6        0010D4
___lmul@multiplicand         cstackCOMRAM 000006
___lmul@multiplier           cstackCOMRAM 000002
___lmul@product              cstackCOMRAM 00000A
___param_bank                (abs)        000000
___rparam_used               (abs)        000001
___sp                        stack        000000
__accesstop                  (abs)        000060
__activetblptr               (abs)        000002
__end_of_EepromRead          text4        0011AC
__end_of_EepromWrite         text3        001170
__end_of___awdiv             text2        000F7E
__end_of___awmod             text1        001030
__end_of___lldiv             text7        0010D4
__end_of___lmul              text6        00113E
__end_of__initialization     cinit        00118C
__end_of_isrHighPrio         intcode_body 000EB8
__end_of_isrLowPrio          intcodelo    000278
__end_of_main                text0        000DA6
__initialization             cinit        001170
__mediumconst                mediumconst  000000
__pbitbssCOMRAM              bitbssCOMRAM 000178
__pbssBANK0                  bssBANK0     000060
__pbssCOMRAM                 bssCOMRAM    000031
__pcinit                     cinit        001170
__pcstackBANK0               cstackBANK0  000072
__pcstackCOMRAM              cstackCOMRAM 000001
__pintcode                   intcode      000008
__pintcode_body              intcode_body 000DA6
__pintcodelo                 intcodelo    000018
__pnvBANK0                   nvBANK0      000080
__ptext0                     text0        00027C
__ptext1                     text1        000F7E
__ptext2                     text2        000EB8
__ptext3                     text3        00113E
__ptext4                     text4        00119A
__ptext6                     text6        0010D4
__ptext7                     text7        001030
__ramtop                     ramtop       001000
__size_of_EepromRead         (abs)        000000
__size_of_EepromWrite        (abs)        000000
__size_of___awdiv            (abs)        000000
__size_of___awmod            (abs)        000000
__size_of___lldiv            (abs)        000000
__size_of___lmul             (abs)        000000
__size_of_isrHighPrio        (abs)        000000
__size_of_isrLowPrio         (abs)        000000
__size_of_main               (abs)        000000
__smallconst                 smallconst   000000
_blink                       bitbssCOMRAM 000185
_counter1000Hz               bssBANK0     000068
_counter6000Hz               bssCOMRAM    000036
_isrHighPrio                 intcode      000008
_isrLowPrio                  intcodelo    000018
_isrLowPrio$1006             cstackCOMRAM 000022
_main                        text0        00027C
_maxTrack                    nvBANK0      000086
_speedDeviationPercentTenths bssBANK0     000070
_track                       bssBANK0     000071
btemp                        temp         00003A
end_of_initialization        cinit        00118C
int$flags                    temp         00003A
int_func                     intcode_body 000DA6
intlevel0                    text         000000
intlevel1                    text         000000
intlevel2                    text         000000
intlevel3                    text         000000
isrLowPrio@clockDivider      bssCOMRAM    000035
isrLowPrio@counter500        bssCOMRAM    000031
isrLowPrio@deviation         cstackCOMRAM 000026
isrLowPrio@percent           cstackCOMRAM 00002A
isrLowPrio@sign              cstackCOMRAM 00002E
main@bcd1                    bssBANK0     00006F
main@bcd2                    bssBANK0     00006E
main@cmdSwitch               bitbssCOMRAM 000181
main@cmdSwitchLast           bitbssCOMRAM 00017B
main@cmdSwitchLong           bitbssCOMRAM 000179
main@cmdSwitchShort          bitbssCOMRAM 00017A
main@cmdSwitchStartCount     bssBANK0     000064
main@counts                  cstackBANK0  00007C
main@diskChange              bitbssCOMRAM 000182
main@displayMode             nvBANK0      000081
main@dot1                    bitbssCOMRAM 00017D
main@dot2                    bitbssCOMRAM 00017C
main@eepromAddress           bssBANK0     000060
main@eepromValue             nvBANK0      000080
main@externalSignal          bitbssCOMRAM 000184
main@headLoad                bitbssCOMRAM 000180
main@headLoadMode            nvBANK0      000085
main@menuEdit                bitbssCOMRAM 000178
main@menuMode                bssBANK0     00006D
main@ready                   bitbssCOMRAM 000183
main@readyDiskChange         bitbssCOMRAM 00017F
main@readyDiskChangeMode     nvBANK0      000084
main@speed                   bssBANK0     00006C
main@startDisplayMode        nvBANK0      000082
main@tg43                    bitbssCOMRAM 00017E
main@tg43Mode                nvBANK0      000083
stackhi                      (abs)        000F37
stacklo                      (abs)        000087
start                        init         000278
start_initialization         cinit        001170
ttemp5                       temp         00003B
ttemp6                       temp         00003E
ttemp7                       temp         000042
wtemp8                       temp         00003B


FUNCTION INFORMATION:

 *************** function _main *****************
 Defined at:
		line 107 in file "avr-main.c"
 Parameters:    Size  Location     Type
		None
 Auto vars:     Size  Location     Type
  counts          4   10[BANK0 ] unsigned long 
 Return value:  Size  Location     Type
                  2  112[None  ] int 
 Registers used:
		wreg, status,2, status,0, cstack
 Tracked objects:
		On entry : 
		On exit  : 
		Unchanged: 
 Data sizes:     COMRAM   BANK0   BANK1   BANK2   BANK3   BANK4   BANK5   BANK6   BANK7   BANK8   BANK9  BANK10  BANK11  BANK12  BANK13  BANK14  BANK15
      Params:         0       0       0       0       0       0       0       0       0       0       0       0       0       0       0       0       0
      Locals:         0       4       0       0       0       0       0       0       0       0       0       0       0       0       0       0       0
      Temps:          0       2       0       0       0       0       0       0       0       0       0       0       0       0       0       0       0
      Totals:         0       6       0       0       0       0       0       0       0       0       0       0       0       0       0       0       0
Total ram usage:        6 bytes
 Hardware stack levels required when called:    4
 This function calls:
		_EepromRead
		_EepromWrite
		___awdiv
		___awmod
 This function is called by:
		Startup code after reset
 This function uses a non-reentrant model


 *************** function ___awmod *****************
 Defined at:
		line 7 in file "C:\Program Files\Microchip\xc8\v2.20\pic\sources\c99\common\awmod.c"
 Parameters:    Size  Location     Type
  dividend        2    0[BANK0 ] int 
  divisor         2    2[BANK0 ] int 
 Auto vars:     Size  Location     Type
  sign            1    5[BANK0 ] unsigned char 
  counter         1    4[BANK0 ] unsigned char 
 Return value:  Size  Location     Type
                  2    0[BANK0 ] int 
 Registers used:
		wreg, status,2, status,0
 Tracked objects:
		On entry : 
		On exit  : 
		Unchanged: 
 Data sizes:     COMRAM   BANK0   BANK1   BANK2   BANK3   BANK4   BANK5   BANK6   BANK7   BANK8   BANK9  BANK10  BANK11  BANK12  BANK13  BANK14  BANK15
      Params:         0       4       0       0       0       0       0       0       0       0       0       0       0       0       0       0       0
      Locals:         0       2       0       0       0       0       0       0       0       0       0       0       0       0       0       0       0
      Temps:          0       0       0       0       0       0       0       0       0       0       0       0       0       0       0       0       0
      Totals:         0       6       0       0       0       0       0       0       0       0       0       0       0       0       0       0       0
Total ram usage:        6 bytes
 Hardware stack levels used:    1
 Hardware stack levels required when called:    3
 This function calls:
		Nothing
 This function is called by:
		_main
 This function uses a non-reentrant model


 *************** function ___awdiv *****************
 Defined at:
		line 7 in file "C:\Program Files\Microchip\xc8\v2.20\pic\sources\c99\common\awdiv.c"
 Parameters:    Size  Location     Type
  dividend        2    0[BANK0 ] int 
  divisor         2    2[BANK0 ] int 
 Auto vars:     Size  Location     Type
  quotient        2    6[BANK0 ] int 
  sign            1    5[BANK0 ] unsigned char 
  counter         1    4[BANK0 ] unsigned char 
 Return value:  Size  Location     Type
                  2    0[BANK0 ] int 
 Registers used:
		wreg, status,2, status,0
 Tracked objects:
		On entry : 
		On exit  : 
		Unchanged: 
 Data sizes:     COMRAM   BANK0   BANK1   BANK2   BANK3   BANK4   BANK5   BANK6   BANK7   BANK8   BANK9  BANK10  BANK11  BANK12  BANK13  BANK14  BANK15
      Params:         0       4       0       0       0       0       0       0       0       0       0       0       0       0       0       0       0
      Locals:         0       4       0       0       0       0       0       0       0       0       0       0       0       0       0       0       0
      Temps:          0       0       0       0       0       0       0       0       0       0       0       0       0       0       0       0       0
      Totals:         0       8       0       0       0       0       0       0       0       0       0       0       0       0       0       0       0
Total ram usage:        8 bytes
 Hardware stack levels used:    1
 Hardware stack levels required when called:    3
 This function calls:
		Nothing
 This function is called by:
		_main
 This function uses a non-reentrant model


 *************** function _EepromWrite *****************
 Defined at:
		line 706 in file "avr-main.c"
 Parameters:    Size  Location     Type
  address         4    0[BANK0 ] unsigned long 
  data            1    4[BANK0 ] unsigned char 
 Auto vars:     Size  Location     Type
		None
 Return value:  Size  Location     Type
                  1    wreg      void 
 Registers used:
		wreg, status,2
 Tracked objects:
		On entry : 
		On exit  : 
		Unchanged: 
 Data sizes:     COMRAM   BANK0   BANK1   BANK2   BANK3   BANK4   BANK5   BANK6   BANK7   BANK8   BANK9  BANK10  BANK11  BANK12  BANK13  BANK14  BANK15
      Params:         0       5       0       0       0       0       0       0       0       0       0       0       0       0       0       0       0
      Locals:         0       0       0       0       0       0       0       0       0       0       0       0       0       0       0       0       0
      Temps:          0       0       0       0       0       0       0       0       0       0       0       0       0       0       0       0       0
      Totals:         0       5       0       0       0       0       0       0       0       0       0       0       0       0       0       0       0
Total ram usage:        5 bytes
 Hardware stack levels used:    1
 Hardware stack levels required when called:    3
 This function calls:
		Nothing
 This function is called by:
		_main
 This function uses a non-reentrant model


 *************** function _EepromRead *****************
 Defined at:
		line 694 in file "avr-main.c"
 Parameters:    Size  Location     Type
  address         4    0[BANK0 ] unsigned long 
 Auto vars:     Size  Location     Type
		None
 Return value:  Size  Location     Type
                  1    wreg      unsigned char 
 Registers used:
		wreg, status,2
 Tracked objects:
		On entry : 
		On exit  : 
		Unchanged: 
 Data sizes:     COMRAM   BANK0   BANK1   BANK2   BANK3   BANK4   BANK5   BANK6   BANK7   BANK8   BANK9  BANK10  BANK11  BANK12  BANK13  BANK14  BANK15
      Params:         0       4       0       0       0       0       0       0       0       0       0       0       0       0       0       0       0
      Locals:         0       0       0       0       0       0       0       0       0       0       0       0       0       0       0       0       0
      Temps:          0       0       0       0       0       0       0       0       0       0       0       0       0       0       0       0       0
      Totals:         0       4       0       0       0       0       0       0       0       0       0       0       0       0       0       0       0
Total ram usage:        4 bytes
 Hardware stack levels used:    1
 Hardware stack levels required when called:    3
 This function calls:
		Nothing
 This function is called by:
		_main
 This function uses a non-reentrant model


 *************** function _isrLowPrio *****************
 Defined at:
		line 570 in file "avr-main.c"
 Parameters:    Size  Location     Type
		None
 Auto vars:     Size  Location     Type
  percent         4   41[COMRAM] unsigned long 
  deviation       4   37[COMRAM] unsigned long 
  sign            1   45[COMRAM] unsigned char 
 Return value:  Size  Location     Type
                  1    wreg      void 
 Registers used:
		wreg, status,2, status,0, cstack
 Tracked objects:
		On entry : 
		On exit  : 
		Unchanged: 
 Data sizes:     COMRAM   BANK0   BANK1   BANK2   BANK3   BANK4   BANK5   BANK6   BANK7   BANK8   BANK9  BANK10  BANK11  BANK12  BANK13  BANK14  BANK15
      Params:         0       0       0       0       0       0       0       0       0       0       0       0       0       0       0       0       0
      Locals:        13       0       0       0       0       0       0       0       0       0       0       0       0       0       0       0       0
      Temps:          7       0       0       0       0       0       0       0       0       0       0       0       0       0       0       0       0
      Totals:        20       0       0       0       0       0       0       0       0       0       0       0       0       0       0       0       0
Total ram usage:       20 bytes
 Hardware stack levels used:    1
 Hardware stack levels required when called:    2
 This function calls:
		___lldiv
		___lmul
 This function is called by:
		Interrupt level 1
 This function uses a non-reentrant model


 *************** function ___lmul *****************
 Defined at:
		line 15 in file "C:\Program Files\Microchip\xc8\v2.20\pic\sources\c99\common\Umul32.c"
 Parameters:    Size  Location     Type
  multiplier      4    1[COMRAM] unsigned long 
  multiplicand    4    5[COMRAM] unsigned long 
 Auto vars:     Size  Location     Type
  product         4    9[COMRAM] unsigned long 
 Return value:  Size  Location     Type
                  4    1[COMRAM] unsigned long 
 Registers used:
		wreg, status,2, status,0
 Tracked objects:
		On entry : 
		On exit  : 
		Unchanged: 
 Data sizes:     COMRAM   BANK0   BANK1   BANK2   BANK3   BANK4   BANK5   BANK6   BANK7   BANK8   BANK9  BANK10  BANK11  BANK12  BANK13  BANK14  BANK15
      Params:         8       0       0       0       0       0       0       0       0       0       0       0       0       0       0       0       0
      Locals:         4       0       0       0       0       0       0       0       0       0       0       0       0       0       0       0       0
      Temps:          0       0       0       0       0       0       0       0       0       0       0       0       0       0       0       0       0
      Totals:        12       0       0       0       0       0       0       0       0       0       0       0       0       0       0       0       0
Total ram usage:       12 bytes
 Hardware stack levels used:    1
 Hardware stack levels required when called:    1
 This function calls:
		Nothing
 This function is called by:
		_isrLowPrio
 This function uses a non-reentrant model


 *************** function ___lldiv *****************
 Defined at:
		line 7 in file "C:\Program Files\Microchip\xc8\v2.20\pic\sources\c99\common\__lldiv.c"
 Parameters:    Size  Location     Type
  dividend        4   13[COMRAM] unsigned long 
  divisor         4   17[COMRAM] unsigned long 
 Auto vars:     Size  Location     Type
  quotient        4   21[COMRAM] unsigned long 
  counter         1   25[COMRAM] unsigned char 
 Return value:  Size  Location     Type
                  4   13[COMRAM] unsigned long 
 Registers used:
		wreg, status,2, status,0
 Tracked objects:
		On entry : 
		On exit  : 
		Unchanged: 
 Data sizes:     COMRAM   BANK0   BANK1   BANK2   BANK3   BANK4   BANK5   BANK6   BANK7   BANK8   BANK9  BANK10  BANK11  BANK12  BANK13  BANK14  BANK15
      Params:         8       0       0       0       0       0       0       0       0       0       0       0       0       0       0       0       0
      Locals:         5       0       0       0       0       0       0       0       0       0       0       0       0       0       0       0       0
      Temps:          0       0       0       0       0       0       0       0       0       0       0       0       0       0       0       0       0
      Totals:        13       0       0       0       0       0       0       0       0       0       0       0       0       0       0       0       0
Total ram usage:       13 bytes
 Hardware stack levels used:    1
 Hardware stack levels required when called:    1
 This function calls:
		Nothing
 This function is called by:
		_isrLowPrio
 This function uses a non-reentrant model


 *************** function _isrHighPrio *****************
 Defined at:
		line 628 in file "avr-main.c"
 Parameters:    Size  Location     Type
		None
 Auto vars:     Size  Location     Type
		None
 Return value:  Size  Location     Type
                  1    wreg      void 
 Registers used:
		wreg, status,2, status,0
 Tracked objects:
		On entry : 
		On exit  : 
		Unchanged: 
 Data sizes:     COMRAM   BANK0   BANK1   BANK2   BANK3   BANK4   BANK5   BANK6   BANK7   BANK8   BANK9  BANK10  BANK11  BANK12  BANK13  BANK14  BANK15
      Params:         0       0       0       0       0       0       0       0       0       0       0       0       0       0       0       0       0
      Locals:         0       0       0       0       0       0       0       0       0       0       0       0       0       0       0       0       0
      Temps:          1       0       0       0       0       0       0       0       0       0       0       0       0       0       0       0       0
      Totals:         1       0       0       0       0       0       0       0       0       0       0       0       0       0       0       0       0
Total ram usage:        1 bytes
 Hardware stack levels used:    1
 This function calls:
		Nothing
 This function is called by:
		Interrupt level 2
 This function uses a non-reentrant model



MODULE INFORMATION

Module		Function		Class		Link	Load	Size
avr-main.c
		_EepromWrite   		CODE           	113E	0000	51
		_isrLowPrio    		CODE           	0018	0000	609
		_main          		CODE           	027C	0000	2859
		_EepromRead    		CODE           	119A	0000	19
		_isrHighPrio   		CODE           	0008	0000	281

avr-main.c estimated size: 3819

C:\Program Files\Microchip\xc8\v2.20\pic\sources\c99\common\awmod.c
		___awmod       		CODE           	0F7E	0000	179

C:\Program Files\Microchip\xc8\v2.20\pic\sources\c99\common\awmod.c estimated size: 179

C:\Program Files\Microchip\xc8\v2.20\pic\sources\c99\common\Umul32.c
		___lmul        		CODE           	10D4	0000	107

C:\Program Files\Microchip\xc8\v2.20\pic\sources\c99\common\Umul32.c estimated size: 107

shared
		__initialization		CODE           	1170	0000	29

shared estimated size: 29

C:\Program Files\Microchip\xc8\v2.20\pic\sources\c99\common\__lldiv.c
		___lldiv       		CODE           	1030	0000	165

C:\Program Files\Microchip\xc8\v2.20\pic\sources\c99\common\__lldiv.c estimated size: 165

C:\Program Files\Microchip\xc8\v2.20\pic\sources\c99\common\awdiv.c
		___awdiv       		CODE           	0EB8	0000	199

C:\Program Files\Microchip\xc8\v2.20\pic\sources\c99\common\awdiv.c estimated size: 199

